#syntax:
# CreateNode n w
# CreateGraph n
# AddNode g n
# AddEdge A n3 n1 
# FindPath g n1 n2 -> n3 n4

created graph g
created node n1 with cost 1
created node n2 with cost 1
added node n1 to g
added node n2 to g
added edge from n1 to n2 in g
added edge from n2 to n1 in g
shortest path in g: n2 n1
shortest path in g: n1 n2
